n= 8 T= 64 b=0.0 | real r1  0.971 rho 0.557 z    0.06 sE 0.518 | mis r1  0.980 | v2: r1  0.990 rho/real 0.99 z   12.89 pass 0.00 wrapped: r1  0.986 rho/real 1.00 z   13.32 pass 0.00 shift: r1  0.982 rho/real 1.00 z   -0.30 pass 0.00 | inv 0.0e+00 | 1s
n= 8 T= 64 b=2.0 | real r1  0.903 rho 0.670 z    3.60 sE 0.667 | mis r1  0.532 | v2: r1  0.880 rho/real 0.71 z   10.41 pass 0.00 wrapped: r1  0.900 rho/real 0.72 z   10.75 pass 0.00 shift: r1  0.441 rho/real 0.70 z    5.42 pass 0.00 | inv 0.0e+00 | 1s
n= 8 T= 64 b=4.0 | real r1 -0.391 rho 0.814 z   10.76 sE 0.814 | mis r1  0.747 | v2: r1  0.802 rho/real 0.31 z   29.56 pass 0.50 wrapped: r1  0.847 rho/real 0.33 z   30.13 pass 0.75 shift: r1  0.800 rho/real 0.31 z   27.29 pass 0.50 | inv 0.0e+00 | 2s
n= 8 T= 64 b=8.0 | real r1 -0.968 rho 0.990 z  -22.86 sE 0.990 | mis r1  0.964 | v2: r1  0.854 rho/real 0.16 z   77.29 pass 0.62 wrapped: r1  0.868 rho/real 0.17 z   77.67 pass 0.62 shift: r1  0.885 rho/real 0.16 z   77.23 pass 0.75 | inv 0.0e+00 | 3s
n= 8 T=256 b=0.0 | real r1  0.989 rho 0.518 z    0.05 sE 0.293 | mis r1  0.986 | v2: r1  0.996 rho/real 0.99 z   30.38 pass 0.00 wrapped: r1  0.996 rho/real 1.00 z   31.58 pass 0.00 shift: r1  0.992 rho/real 1.00 z    0.01 pass 0.00 | inv 0.0e+00 | 29s
n= 8 T=256 b=2.0 | real r1  0.912 rho 0.585 z    8.07 sE 0.566 | mis r1  0.512 | v2: r1  0.973 rho/real 0.74 z   19.65 pass 0.00 wrapped: r1  0.981 rho/real 0.76 z   19.60 pass 0.00 shift: r1  0.234 rho/real 0.73 z    7.64 pass 0.00 | inv 0.0e+00 | 56s
n= 8 T=256 b=4.0 | real r1  0.342 rho 0.689 z   41.11 sE 0.687 | mis r1 -0.246 | v2: r1  0.680 rho/real 0.32 z   68.21 pass 0.38 wrapped: r1  0.548 rho/real 0.34 z   72.35 pass 0.38 shift: r1 -0.423 rho/real 0.32 z   50.99 pass 0.00 | inv 0.0e+00 | 82s
n= 8 T=256 b=8.0 | real r1 -0.953 rho 0.955 z    3.46 sE 0.954 | mis r1  0.996 | v2: r1  0.997 rho/real 0.14 z  416.24 pass 1.00 wrapped: r1  0.997 rho/real 0.15 z  417.56 pass 1.00 shift: r1  0.994 rho/real 0.14 z  407.65 pass 1.00 | inv 0.0e+00 | 109s
n=14 T= 64 b=0.0 | real r1  0.980 rho 0.521 z    0.19 sE 0.496 | mis r1  0.980 | v2: r1  0.981 rho/real 0.99 z   10.49 pass 0.00 wrapped: r1  0.983 rho/real 1.00 z   11.34 pass 0.00 shift: r1  0.983 rho/real 1.00 z   -0.19 pass 0.00 | inv 0.0e+00 | 111s
n=14 T= 64 b=2.0 | real r1  0.887 rho 0.627 z    4.11 sE 0.624 | mis r1  0.713 | v2: r1  0.884 rho/real 0.66 z    7.58 pass 0.00 wrapped: r1  0.905 rho/real 0.69 z    8.58 pass 0.00 shift: r1  0.430 rho/real 0.66 z    3.76 pass 0.00 | inv 0.0e+00 | 113s
n=14 T= 64 b=4.0 | real r1 -0.048 rho 0.797 z    9.38 sE 0.797 | mis r1  0.719 | v2: r1  0.661 rho/real 0.27 z   22.65 pass 0.00 wrapped: r1  0.535 rho/real 0.29 z   25.26 pass 0.12 shift: r1  0.573 rho/real 0.26 z   19.76 pass 0.12 | inv 0.0e+00 | 115s
n=14 T= 64 b=8.0 | real r1 -0.967 rho 0.974 z  -22.74 sE 0.974 | mis r1  0.946 | v2: r1  0.816 rho/real 0.12 z   69.95 pass 0.50 wrapped: r1  0.815 rho/real 0.13 z   72.85 pass 0.62 shift: r1  0.891 rho/real 0.12 z   71.78 pass 0.75 | inv 0.0e+00 | 117s
n=14 T=256 b=0.0 | real r1  0.990 rho 0.507 z    0.01 sE 0.450 | mis r1  0.979 | v2: r1  0.993 rho/real 0.99 z   21.88 pass 0.00 wrapped: r1  0.993 rho/real 1.00 z   21.68 pass 0.00 shift: r1  0.990 rho/real 0.99 z    0.05 pass 0.00 | inv 0.0e+00 | 197s
n=14 T=256 b=2.0 | real r1  0.915 rho 0.572 z    8.22 sE 0.547 | mis r1  0.727 | v2: r1  0.960 rho/real 0.71 z   16.46 pass 0.00 wrapped: r1  0.970 rho/real 0.72 z   18.25 pass 0.00 shift: r1  0.603 rho/real 0.70 z    6.40 pass 0.00 | inv 0.0e+00 | 277s
n=14 T=256 b=4.0 | real r1  0.224 rho 0.724 z   45.58 sE 0.724 | mis r1 -0.552 | v2: r1  0.504 rho/real 0.25 z   63.67 pass 0.12 wrapped: r1  0.516 rho/real 0.26 z   65.46 pass 0.00 shift: r1 -0.418 rho/real 0.24 z   52.19 pass 0.00 | inv 0.0e+00 | 356s
n=14 T=256 b=8.0 | real r1 -0.946 rho 0.951 z   41.58 sE 0.951 | mis r1  0.993 | v2: r1  0.989 rho/real 0.09 z  385.13 pass 1.00 wrapped: r1  0.990 rho/real 0.10 z  388.63 pass 1.00 shift: r1  0.987 rho/real 0.09 z  382.29 pass 1.00 | inv 0.0e+00 | 436s
n=32 T= 64 b=0.0 | real r1  0.983 rho 0.518 z   -0.05 sE 0.512 | mis r1  0.980 | v2: r1  0.953 rho/real 1.00 z    5.31 pass 0.00 wrapped: r1  0.950 rho/real 1.01 z    6.34 pass 0.00 shift: r1  0.980 rho/real 1.00 z   -0.13 pass 0.00 | inv 0.0e+00 | 446s
n=32 T= 64 b=2.0 | real r1  0.880 rho 0.620 z    4.13 sE 0.618 | mis r1  0.857 | v2: r1  0.854 rho/real 0.64 z    3.72 pass 0.00 wrapped: r1  0.836 rho/real 0.68 z    4.21 pass 0.00 shift: r1  0.741 rho/real 0.64 z    1.97 pass 0.00 | inv 0.0e+00 | 455s
n=32 T= 64 b=4.0 | real r1 -0.179 rho 0.808 z    9.75 sE 0.808 | mis r1  0.711 | v2: r1  0.413 rho/real 0.24 z   11.74 pass 0.00 wrapped: r1  0.361 rho/real 0.26 z   13.80 pass 0.00 shift: r1  0.387 rho/real 0.23 z   11.32 pass 0.00 | inv 0.0e+00 | 465s
n=32 T= 64 b=8.0 | real r1 -0.959 rho 0.968 z  -18.89 sE 0.968 | mis r1  0.903 | v2: r1  0.518 rho/real 0.10 z   45.78 pass 0.00 wrapped: r1  0.536 rho/real 0.11 z   49.02 pass 0.00 shift: r1  0.565 rho/real 0.09 z   48.58 pass 0.00 | inv 0.0e+00 | 475s
n=32 T=256 b=0.0 | real r1  0.986 rho 0.470 z   -0.13 sE 0.451 | mis r1  0.985 | v2: r1  0.984 rho/real 1.00 z   16.95 pass 0.00 wrapped: r1  0.988 rho/real 1.00 z   17.92 pass 0.00 shift: r1  0.986 rho/real 1.00 z   -0.10 pass 0.00 | inv 0.0e+00 | 881s
n=32 T=256 b=2.0 | real r1  0.895 rho 0.581 z    7.71 sE 0.574 | mis r1  0.780 | v2: r1  0.968 rho/real 0.67 z    9.99 pass 0.00 wrapped: r1  0.969 rho/real 0.70 z   11.11 pass 0.00 shift: r1  0.777 rho/real 0.67 z    3.76 pass 0.00 | inv 0.0e+00 | 1290s
n=32 T=256 b=4.0 | real r1  0.370 rho 0.707 z   42.13 sE 0.706 | mis r1 -0.372 | v2: r1  0.529 rho/real 0.21 z   46.23 pass 0.12 wrapped: r1  0.513 rho/real 0.23 z   48.43 pass 0.12 shift: r1 -0.469 rho/real 0.21 z   35.34 pass 0.00 | inv 0.0e+00 | 1701s
n=32 T=256 b=8.0 | real r1 -0.954 rho 0.960 z   20.39 sE 0.960 | mis r1  0.983 | v2: r1  0.964 rho/real 0.05 z  367.07 pass 1.00 wrapped: r1  0.964 rho/real 0.06 z  371.85 pass 1.00 shift: r1  0.958 rho/real 0.05 z  367.87 pass 1.00 | inv 0.0e+00 | 2109s
CONTROL_TOY_DONE
