Loading weights:   0%|          | 0/291 [00:00<?, ?it/s]Loading weights: 100%|██████████| 291/291 [00:00<00:00, 3482.78it/s]
  L 0 real corr 0.546 largest95 0.50 | colset median 0.511 reproduced 0.934623618418789 | marginal median 0.003 | untrained median 0.000 (4984s)
  L 1 real corr 0.942 largest95 0.83 | colset median 0.934 reproduced 0.9912039566889751 | marginal median 0.001 | untrained median 0.000 (5056s)
  L 2 real corr 0.981 largest95 0.96 | colset median 0.980 reproduced 0.9984143634398044 | marginal median 0.000 | untrained median 0.000 (5128s)
  L 3 real corr 0.971 largest95 0.87 | colset median 0.966 reproduced 0.9944223256709384 | marginal median 0.001 | untrained median -0.000 (5200s)
  L 4 real corr 0.962 largest95 0.63 | colset median 0.957 reproduced 0.9951366499452409 | marginal median 0.000 | untrained median 0.000 (5271s)
  L 5 real corr 0.933 largest95 0.55 | colset median 0.922 reproduced 0.9884617192558041 | marginal median 0.001 | untrained median 0.000 (5343s)
  L 6 real corr 0.930 largest95 0.50 | colset median 0.918 reproduced 0.9874369633305095 | marginal median 0.001 | untrained median 0.000 (5416s)
  L 7 real corr 0.858 largest95 0.38 | colset median 0.834 reproduced 0.9720856341329286 | marginal median 0.004 | untrained median 0.000 (5482s)
  L 8 real corr 0.847 largest95 0.32 | colset median 0.809 reproduced 0.9558519144098295 | marginal median 0.006 | untrained median 0.000 (5548s)
  L 9 real corr 0.797 largest95 0.38 | colset median 0.761 reproduced 0.9544488258260179 | marginal median 0.003 | untrained median 0.000 (5609s)
  L10 real corr 0.769 largest95 0.22 | colset median 0.698 reproduced 0.9074388958542848 | marginal median 0.005 | untrained median 0.000 (5671s)
  L11 real corr 0.731 largest95 0.32 | colset median 0.685 reproduced 0.9368445303365712 | marginal median 0.005 | untrained median 0.000 (5734s)
  L12 real corr 0.712 largest95 0.23 | colset median 0.653 reproduced 0.9170634959085809 | marginal median 0.006 | untrained median 0.000 (5800s)
  L13 real corr 0.712 largest95 0.19 | colset median 0.548 reproduced 0.7685639506043414 | marginal median 0.016 | untrained median 0.000 (5862s)
  L14 real corr 0.649 largest95 0.23 | colset median 0.566 reproduced 0.8716965816990762 | marginal median 0.017 | untrained median 0.000 (5928s)
  L15 real corr 0.661 largest95 0.27 | colset median 0.584 reproduced 0.8846979369979092 | marginal median 0.011 | untrained median 0.001 (5990s)
  L16 real corr 0.678 largest95 0.30 | colset median 0.600 reproduced 0.8855327430801547 | marginal median 0.014 | untrained median 0.000 (6052s)
  L17 real corr 0.689 largest95 0.25 | colset median 0.591 reproduced 0.8575246907218663 | marginal median 0.020 | untrained median 0.000 (6122s)
  L18 real corr 0.639 largest95 0.29 | colset median 0.596 reproduced 0.9319950970330226 | marginal median 0.019 | untrained median 0.001 (6186s)
  L19 real corr 0.701 largest95 0.31 | colset median 0.661 reproduced 0.9434950888990264 | marginal median 0.008 | untrained median 0.000 (6257s)
  L20 real corr 0.761 largest95 0.40 | colset median 0.733 reproduced 0.9638600410671344 | marginal median 0.008 | untrained median 0.000 (6328s)
  L21 real corr 0.778 largest95 0.37 | colset median 0.756 reproduced 0.9713163091772306 | marginal median 0.006 | untrained median 0.000 (6400s)
  L22 real corr 0.823 largest95 0.45 | colset median 0.814 reproduced 0.9886812394662039 | marginal median 0.002 | untrained median 0.000 (6473s)
  L23 real corr 0.802 largest95 0.37 | colset median 0.782 reproduced 0.9759123691815345 | marginal median 0.008 | untrained median 0.000 (6543s)
  L24 real corr 0.829 largest95 0.42 | colset median 0.818 reproduced 0.9870062389153427 | marginal median 0.002 | untrained median 0.000 (6608s)
  L25 real corr 0.852 largest95 0.46 | colset median 0.846 reproduced 0.9933438826907273 | marginal median 0.002 | untrained median 0.000 (6678s)
  L26 real corr 0.831 largest95 0.48 | colset median 0.822 reproduced 0.9900219911408308 | marginal median 0.004 | untrained median 0.000 (6749s)
  L27 real corr 0.821 largest95 0.38 | colset median 0.810 reproduced 0.9866657406612629 | marginal median 0.003 | untrained median 0.000 (6816s)
  L28 real corr 0.727 largest95 0.38 | colset median 0.710 reproduced 0.9766056768684171 | marginal median 0.012 | untrained median 0.000 (6883s)
  L29 real corr 0.720 largest95 0.37 | colset median 0.694 reproduced 0.9642007944027399 | marginal median 0.010 | untrained median 0.000 (6949s)
  L30 real corr 0.693 largest95 0.39 | colset median 0.667 reproduced 0.9625118056517055 | marginal median 0.018 | untrained median 0.000 (7014s)
  L31 real corr 0.600 largest95 0.33 | colset median 0.539 reproduced 0.8994239865918099 | marginal median 0.039 | untrained median 0.000 (7080s)
{"layers_where_colset_matches_corr": 0, "layers_where_real_above_marginal_p95": 32, "n_layers": 32}
BATTERY_DONE audits/chai/battery_result_Mistral-7B-v0.1.json
